// Jest Snapshot v1, https://goo.gl/fbAQLP

exports[`CustomButton matches snapshot 1`] = `
<View
  accessibilityLabel="Click Me"
  accessibilityRole="button"
  accessibilityState={
    {
      "busy": undefined,
      "checked": undefined,
      "disabled": undefined,
      "expanded": undefined,
      "selected": undefined,
    }
  }
  accessibilityValue={
    {
      "max": undefined,
      "min": undefined,
      "now": undefined,
      "text": undefined,
    }
  }
  accessible={true}
  collapsable={false}
  focusable={true}
  onClick={[Function]}
  onResponderGrant={[Function]}
  onResponderMove={[Function]}
  onResponderRelease={[Function]}
  onResponderTerminate={[Function]}
  onResponderTerminationRequest={[Function]}
  onStartShouldSetResponder={[Function]}
  style={
    {
      "backgroundColor": "#ffffff",
      "borderRadius": 10,
      "elevation": 8,
      "opacity": 1,
      "paddingHorizontal": 12,
      "paddingVertical": 10,
    }
  }
>
  <Text
    style={
      [
        {
          "color": "#ffffff",
        },
        {
          "fontSize": 16,
          "lineHeight": 24,
        },
        undefined,
        undefined,
        undefined,
        undefined,
        [
          {
            "alignSelf": "center",
            "fontSize": 18,
            "fontWeight": "bold",
          },
          {
            "color": "#009688",
          },
        ],
      ]
    }
  >
    Click Me
  </Text>
</View>
`;
