// Jest Snapshot v1, https://goo.gl/fbAQLP

exports[`Filter Component matches snapshot 1`] = `
<View
  style={
    {
      "flexDirection": "row",
      "marginBottom": 10,
    }
  }
>
  <View
    accessibilityState={
      {
        "busy": undefined,
        "checked": undefined,
        "disabled": undefined,
        "expanded": undefined,
        "selected": undefined,
      }
    }
    accessibilityValue={
      {
        "max": undefined,
        "min": undefined,
        "now": undefined,
        "text": undefined,
      }
    }
    accessible={true}
    collapsable={false}
    focusable={true}
    onClick={[Function]}
    onResponderGrant={[Function]}
    onResponderMove={[Function]}
    onResponderRelease={[Function]}
    onResponderTerminate={[Function]}
    onResponderTerminationRequest={[Function]}
    onStartShouldSetResponder={[Function]}
    style={
      {
        "alignItems": "center",
        "flexDirection": "row",
        "marginRight": 15,
        "opacity": 1,
      }
    }
  >
    <Text
      style={
        [
          {
            "color": "#898999",
          },
          {
            "fontSize": 16,
            "lineHeight": 24,
          },
          undefined,
          undefined,
          undefined,
          undefined,
          {
            "lineHeight": 20,
            "marginRight": 5,
          },
        ]
      }
    >
      Tür
    </Text>
    <Text
      allowFontScaling={false}
      selectable={false}
      style={
        [
          {
            "color": "#898999",
            "fontSize": 20,
          },
          undefined,
          {
            "fontFamily": "ionicons",
            "fontStyle": "normal",
            "fontWeight": "normal",
          },
          {},
        ]
      }
    >
      
    </Text>
  </View>
  <View
    accessibilityState={
      {
        "busy": undefined,
        "checked": undefined,
        "disabled": undefined,
        "expanded": undefined,
        "selected": undefined,
      }
    }
    accessibilityValue={
      {
        "max": undefined,
        "min": undefined,
        "now": undefined,
        "text": undefined,
      }
    }
    accessible={true}
    collapsable={false}
    focusable={true}
    onClick={[Function]}
    onResponderGrant={[Function]}
    onResponderMove={[Function]}
    onResponderRelease={[Function]}
    onResponderTerminate={[Function]}
    onResponderTerminationRequest={[Function]}
    onStartShouldSetResponder={[Function]}
    style={
      {
        "alignItems": "center",
        "flexDirection": "row",
        "marginRight": 15,
        "opacity": 1,
      }
    }
  >
    <Text
      style={
        [
          {
            "color": "#898999",
          },
          {
            "fontSize": 16,
            "lineHeight": 24,
          },
          undefined,
          undefined,
          undefined,
          undefined,
          {
            "lineHeight": 20,
            "marginRight": 5,
          },
        ]
      }
    >
      Yayınlanma Yılı
    </Text>
    <Text
      allowFontScaling={false}
      selectable={false}
      style={
        [
          {
            "color": "#898999",
            "fontSize": 20,
          },
          undefined,
          {
            "fontFamily": "ionicons",
            "fontStyle": "normal",
            "fontWeight": "normal",
          },
          {},
        ]
      }
    >
      
    </Text>
  </View>
  <View
    accessibilityLabel="Sıfırla"
    accessibilityRole="button"
    accessibilityState={
      {
        "busy": undefined,
        "checked": undefined,
        "disabled": undefined,
        "expanded": undefined,
        "selected": undefined,
      }
    }
    accessibilityValue={
      {
        "max": undefined,
        "min": undefined,
        "now": undefined,
        "text": undefined,
      }
    }
    accessible={true}
    collapsable={false}
    focusable={true}
    onClick={[Function]}
    onResponderGrant={[Function]}
    onResponderMove={[Function]}
    onResponderRelease={[Function]}
    onResponderTerminate={[Function]}
    onResponderTerminationRequest={[Function]}
    onStartShouldSetResponder={[Function]}
    style={
      {
        "backgroundColor": "#364249",
        "borderRadius": 10,
        "elevation": 8,
        "opacity": 1,
        "paddingHorizontal": 12,
        "paddingVertical": 6,
      }
    }
  >
    <Text
      style={
        [
          {
            "color": "#364249",
          },
          {
            "fontSize": 16,
            "lineHeight": 24,
          },
          undefined,
          undefined,
          undefined,
          undefined,
          [
            {
              "alignSelf": "center",
              "fontSize": 18,
              "fontWeight": "bold",
            },
            {
              "color": "#ffffff",
            },
          ],
        ]
      }
    >
      Sıfırla
    </Text>
  </View>
</View>
`;
